// Jest Snapshot v1, https://goo.gl/fbAQLP

exports[`sql queries from period should return array with 3 queries (30m, 5m, 1m) 1`] = `" UNION select \\"time_start\\", \\"amount_asset_id\\", \\"price_asset_id\\", \\"low\\", \\"high\\", \\"volume\\", \\"quote_volume\\", \\"max_height\\", \\"txs_count\\", \\"weighted_average_price\\", \\"open\\", \\"close\\", \\"interval_in_secs\\", \\"matcher\\" from \\"candles\\" where \\"amount_asset_id\\" = '111' and \\"price_asset_id\\" = '222' and \\"time_start\\" >= '2019-03-25 03:00:00.000' and \\"time_start\\" <= '2019-03-25 03:30:00.000' and \\"matcher\\" = '123' and \\"interval_in_secs\\" = 1800 limit 1 UNION select \\"time_start\\", \\"amount_asset_id\\", \\"price_asset_id\\", \\"low\\", \\"high\\", \\"volume\\", \\"quote_volume\\", \\"max_height\\", \\"txs_count\\", \\"weighted_average_price\\", \\"open\\", \\"close\\", \\"interval_in_secs\\", \\"matcher\\" from \\"candles\\" where \\"amount_asset_id\\" = '111' and \\"price_asset_id\\" = '222' and \\"time_start\\" >= '2019-03-25 03:30:00.000' and \\"time_start\\" <= '2019-03-25 03:35:00.000' and \\"matcher\\" = '123' and \\"interval_in_secs\\" = 300 limit 1 UNION select \\"time_start\\", \\"amount_asset_id\\", \\"price_asset_id\\", \\"low\\", \\"high\\", \\"volume\\", \\"quote_volume\\", \\"max_height\\", \\"txs_count\\", \\"weighted_average_price\\", \\"open\\", \\"close\\", \\"interval_in_secs\\", \\"matcher\\" from \\"candles\\" where \\"amount_asset_id\\" = '111' and \\"price_asset_id\\" = '222' and \\"time_start\\" >= '2019-03-25 03:35:00.000' and \\"time_start\\" <= '2019-03-25 03:36:00.000' and \\"matcher\\" = '123' and \\"interval_in_secs\\" = 60 limit 1"`;

exports[`sql queries from period should return array with 5 queries 1`] = `" UNION select \\"time_start\\", \\"amount_asset_id\\", \\"price_asset_id\\", \\"low\\", \\"high\\", \\"volume\\", \\"quote_volume\\", \\"max_height\\", \\"txs_count\\", \\"weighted_average_price\\", \\"open\\", \\"close\\", \\"interval_in_secs\\", \\"matcher\\" from \\"candles\\" where \\"amount_asset_id\\" = '111' and \\"price_asset_id\\" = '222' and \\"time_start\\" >= '2019-03-25 03:00:00.000' and \\"time_start\\" <= '2019-03-25 03:30:00.000' and \\"matcher\\" = '123' and \\"interval_in_secs\\" = 1800 limit 1 UNION select \\"time_start\\", \\"amount_asset_id\\", \\"price_asset_id\\", \\"low\\", \\"high\\", \\"volume\\", \\"quote_volume\\", \\"max_height\\", \\"txs_count\\", \\"weighted_average_price\\", \\"open\\", \\"close\\", \\"interval_in_secs\\", \\"matcher\\" from \\"candles\\" where \\"amount_asset_id\\" = '111' and \\"price_asset_id\\" = '222' and \\"time_start\\" >= '2019-03-25 03:30:00.000' and \\"time_start\\" <= '2019-03-25 03:45:00.000' and \\"matcher\\" = '123' and \\"interval_in_secs\\" = 900 limit 1 UNION select \\"time_start\\", \\"amount_asset_id\\", \\"price_asset_id\\", \\"low\\", \\"high\\", \\"volume\\", \\"quote_volume\\", \\"max_height\\", \\"txs_count\\", \\"weighted_average_price\\", \\"open\\", \\"close\\", \\"interval_in_secs\\", \\"matcher\\" from \\"candles\\" where \\"amount_asset_id\\" = '111' and \\"price_asset_id\\" = '222' and \\"time_start\\" >= '2019-03-25 03:45:00.000' and \\"time_start\\" <= '2019-03-25 03:46:00.000' and \\"matcher\\" = '123' and \\"interval_in_secs\\" = 60 limit 1 UNION select \\"time_start\\", \\"amount_asset_id\\", \\"price_asset_id\\", \\"low\\", \\"high\\", \\"volume\\", \\"quote_volume\\", \\"max_height\\", \\"txs_count\\", \\"weighted_average_price\\", \\"open\\", \\"close\\", \\"interval_in_secs\\", \\"matcher\\" from \\"candles\\" where \\"amount_asset_id\\" = '111' and \\"price_asset_id\\" = '222' and \\"time_start\\" >= '2019-03-25 03:46:00.000' and \\"time_start\\" <= '2019-03-25 03:47:00.000' and \\"matcher\\" = '123' and \\"interval_in_secs\\" = 60 limit 1 UNION select \\"time_start\\", \\"amount_asset_id\\", \\"price_asset_id\\", \\"low\\", \\"high\\", \\"volume\\", \\"quote_volume\\", \\"max_height\\", \\"txs_count\\", \\"weighted_average_price\\", \\"open\\", \\"close\\", \\"interval_in_secs\\", \\"matcher\\" from \\"candles\\" where \\"amount_asset_id\\" = '111' and \\"price_asset_id\\" = '222' and \\"time_start\\" >= '2019-03-25 03:47:00.000' and \\"time_start\\" <= '2019-03-25 03:48:00.000' and \\"matcher\\" = '123' and \\"interval_in_secs\\" = 60 limit 1"`;

exports[`sql query from candles should search candles for 1d 1`] = `"select \\"time_start\\", \\"amount_asset_id\\", \\"price_asset_id\\", \\"low\\", \\"high\\", \\"volume\\", \\"quote_volume\\", \\"max_height\\", \\"txs_count\\", \\"weighted_average_price\\", \\"open\\", \\"close\\", \\"interval_in_secs\\", \\"matcher\\", \\"a_dec\\".\\"decimals\\" as \\"a_dec\\", \\"p_dec\\".\\"decimals\\" as \\"p_dec\\" from (select \\"time_start\\", \\"amount_asset_id\\", \\"price_asset_id\\", \\"low\\", \\"high\\", \\"volume\\", \\"quote_volume\\", \\"max_height\\", \\"txs_count\\", \\"weighted_average_price\\", \\"open\\", \\"close\\", \\"interval_in_secs\\", \\"matcher\\" from \\"candles\\" where \\"amount_asset_id\\" = '111' and \\"price_asset_id\\" = '222' and \\"time_start\\" >= '2017-04-03 03:00:00.000' and \\"time_start\\" <= '2017-04-04 02:59:59.999' and \\"matcher\\" = '123' and \\"interval_in_secs\\" = 86400 union (select \\"time_start\\", \\"amount_asset_id\\", \\"price_asset_id\\", \\"low\\", \\"high\\", \\"volume\\", \\"quote_volume\\", \\"max_height\\", \\"txs_count\\", \\"weighted_average_price\\", \\"open\\", \\"close\\", \\"interval_in_secs\\", \\"matcher\\" from \\"candles\\" where \\"amount_asset_id\\" = '111' and \\"price_asset_id\\" = '222' and \\"time_start\\" >= '2017-04-03 03:00:00.000' and \\"time_start\\" <= '2017-04-03 15:00:00.000' and \\"matcher\\" = '123' and \\"interval_in_secs\\" = 43200 limit 1) union (select \\"time_start\\", \\"amount_asset_id\\", \\"price_asset_id\\", \\"low\\", \\"high\\", \\"volume\\", \\"quote_volume\\", \\"max_height\\", \\"txs_count\\", \\"weighted_average_price\\", \\"open\\", \\"close\\", \\"interval_in_secs\\", \\"matcher\\" from \\"candles\\" where \\"amount_asset_id\\" = '111' and \\"price_asset_id\\" = '222' and \\"time_start\\" >= '2017-04-03 15:00:00.000' and \\"time_start\\" <= '2017-04-03 21:00:00.000' and \\"matcher\\" = '123' and \\"interval_in_secs\\" = 21600 limit 1) union (select \\"time_start\\", \\"amount_asset_id\\", \\"price_asset_id\\", \\"low\\", \\"high\\", \\"volume\\", \\"quote_volume\\", \\"max_height\\", \\"txs_count\\", \\"weighted_average_price\\", \\"open\\", \\"close\\", \\"interval_in_secs\\", \\"matcher\\" from \\"candles\\" where \\"amount_asset_id\\" = '111' and \\"price_asset_id\\" = '222' and \\"time_start\\" >= '2017-04-03 21:00:00.000' and \\"time_start\\" <= '2017-04-04 00:00:00.000' and \\"matcher\\" = '123' and \\"interval_in_secs\\" = 10800 limit 1) union (select \\"time_start\\", \\"amount_asset_id\\", \\"price_asset_id\\", \\"low\\", \\"high\\", \\"volume\\", \\"quote_volume\\", \\"max_height\\", \\"txs_count\\", \\"weighted_average_price\\", \\"open\\", \\"close\\", \\"interval_in_secs\\", \\"matcher\\" from \\"candles\\" where \\"amount_asset_id\\" = '111' and \\"price_asset_id\\" = '222' and \\"time_start\\" >= '2017-04-04 00:00:00.000' and \\"time_start\\" <= '2017-04-04 01:00:00.000' and \\"matcher\\" = '123' and \\"interval_in_secs\\" = 3600 limit 1) union (select \\"time_start\\", \\"amount_asset_id\\", \\"price_asset_id\\", \\"low\\", \\"high\\", \\"volume\\", \\"quote_volume\\", \\"max_height\\", \\"txs_count\\", \\"weighted_average_price\\", \\"open\\", \\"close\\", \\"interval_in_secs\\", \\"matcher\\" from \\"candles\\" where \\"amount_asset_id\\" = '111' and \\"price_asset_id\\" = '222' and \\"time_start\\" >= '2017-04-04 01:00:00.000' and \\"time_start\\" <= '2017-04-04 02:00:00.000' and \\"matcher\\" = '123' and \\"interval_in_secs\\" = 3600 limit 1) union (select \\"time_start\\", \\"amount_asset_id\\", \\"price_asset_id\\", \\"low\\", \\"high\\", \\"volume\\", \\"quote_volume\\", \\"max_height\\", \\"txs_count\\", \\"weighted_average_price\\", \\"open\\", \\"close\\", \\"interval_in_secs\\", \\"matcher\\" from \\"candles\\" where \\"amount_asset_id\\" = '111' and \\"price_asset_id\\" = '222' and \\"time_start\\" >= '2017-04-04 02:00:00.000' and \\"time_start\\" <= '2017-04-04 02:30:00.000' and \\"matcher\\" = '123' and \\"interval_in_secs\\" = 1800 limit 1) union (select \\"time_start\\", \\"amount_asset_id\\", \\"price_asset_id\\", \\"low\\", \\"high\\", \\"volume\\", \\"quote_volume\\", \\"max_height\\", \\"txs_count\\", \\"weighted_average_price\\", \\"open\\", \\"close\\", \\"interval_in_secs\\", \\"matcher\\" from \\"candles\\" where \\"amount_asset_id\\" = '111' and \\"price_asset_id\\" = '222' and \\"time_start\\" >= '2017-04-04 02:30:00.000' and \\"time_start\\" <= '2017-04-04 02:45:00.000' and \\"matcher\\" = '123' and \\"interval_in_secs\\" = 900 limit 1) union (select \\"time_start\\", \\"amount_asset_id\\", \\"price_asset_id\\", \\"low\\", \\"high\\", \\"volume\\", \\"quote_volume\\", \\"max_height\\", \\"txs_count\\", \\"weighted_average_price\\", \\"open\\", \\"close\\", \\"interval_in_secs\\", \\"matcher\\" from \\"candles\\" where \\"amount_asset_id\\" = '111' and \\"price_asset_id\\" = '222' and \\"time_start\\" >= '2017-04-04 02:45:00.000' and \\"time_start\\" <= '2017-04-04 02:50:00.000' and \\"matcher\\" = '123' and \\"interval_in_secs\\" = 300 limit 1) union (select \\"time_start\\", \\"amount_asset_id\\", \\"price_asset_id\\", \\"low\\", \\"high\\", \\"volume\\", \\"quote_volume\\", \\"max_height\\", \\"txs_count\\", \\"weighted_average_price\\", \\"open\\", \\"close\\", \\"interval_in_secs\\", \\"matcher\\" from \\"candles\\" where \\"amount_asset_id\\" = '111' and \\"price_asset_id\\" = '222' and \\"time_start\\" >= '2017-04-04 02:50:00.000' and \\"time_start\\" <= '2017-04-04 02:55:00.000' and \\"matcher\\" = '123' and \\"interval_in_secs\\" = 300 limit 1) union (select \\"time_start\\", \\"amount_asset_id\\", \\"price_asset_id\\", \\"low\\", \\"high\\", \\"volume\\", \\"quote_volume\\", \\"max_height\\", \\"txs_count\\", \\"weighted_average_price\\", \\"open\\", \\"close\\", \\"interval_in_secs\\", \\"matcher\\" from \\"candles\\" where \\"amount_asset_id\\" = '111' and \\"price_asset_id\\" = '222' and \\"time_start\\" >= '2017-04-04 02:55:00.000' and \\"time_start\\" <= '2017-04-04 02:56:00.000' and \\"matcher\\" = '123' and \\"interval_in_secs\\" = 60 limit 1) union (select \\"time_start\\", \\"amount_asset_id\\", \\"price_asset_id\\", \\"low\\", \\"high\\", \\"volume\\", \\"quote_volume\\", \\"max_height\\", \\"txs_count\\", \\"weighted_average_price\\", \\"open\\", \\"close\\", \\"interval_in_secs\\", \\"matcher\\" from \\"candles\\" where \\"amount_asset_id\\" = '111' and \\"price_asset_id\\" = '222' and \\"time_start\\" >= '2017-04-04 02:56:00.000' and \\"time_start\\" <= '2017-04-04 02:57:00.000' and \\"matcher\\" = '123' and \\"interval_in_secs\\" = 60 limit 1) union (select \\"time_start\\", \\"amount_asset_id\\", \\"price_asset_id\\", \\"low\\", \\"high\\", \\"volume\\", \\"quote_volume\\", \\"max_height\\", \\"txs_count\\", \\"weighted_average_price\\", \\"open\\", \\"close\\", \\"interval_in_secs\\", \\"matcher\\" from \\"candles\\" where \\"amount_asset_id\\" = '111' and \\"price_asset_id\\" = '222' and \\"time_start\\" >= '2017-04-04 02:57:00.000' and \\"time_start\\" <= '2017-04-04 02:58:00.000' and \\"matcher\\" = '123' and \\"interval_in_secs\\" = 60 limit 1) union (select \\"time_start\\", \\"amount_asset_id\\", \\"price_asset_id\\", \\"low\\", \\"high\\", \\"volume\\", \\"quote_volume\\", \\"max_height\\", \\"txs_count\\", \\"weighted_average_price\\", \\"open\\", \\"close\\", \\"interval_in_secs\\", \\"matcher\\" from \\"candles\\" where \\"amount_asset_id\\" = '111' and \\"price_asset_id\\" = '222' and \\"time_start\\" >= '2017-04-04 02:58:00.000' and \\"time_start\\" <= '2017-04-04 02:59:00.000' and \\"matcher\\" = '123' and \\"interval_in_secs\\" = 60 limit 1)) as \\"c\\" inner join \\"asset_decimals\\" as \\"a_dec\\" on \\"c\\".\\"amount_asset_id\\" = \\"a_dec\\".\\"asset_id\\" inner join \\"asset_decimals\\" as \\"p_dec\\" on \\"c\\".\\"price_asset_id\\" = \\"p_dec\\".\\"asset_id\\" order by \\"c\\".\\"time_start\\" asc"`;

exports[`sql query from candles should search candles for 1h 1`] = `"select \\"time_start\\", \\"amount_asset_id\\", \\"price_asset_id\\", \\"low\\", \\"high\\", \\"volume\\", \\"quote_volume\\", \\"max_height\\", \\"txs_count\\", \\"weighted_average_price\\", \\"open\\", \\"close\\", \\"interval_in_secs\\", \\"matcher\\", \\"a_dec\\".\\"decimals\\" as \\"a_dec\\", \\"p_dec\\".\\"decimals\\" as \\"p_dec\\" from (select \\"time_start\\", \\"amount_asset_id\\", \\"price_asset_id\\", \\"low\\", \\"high\\", \\"volume\\", \\"quote_volume\\", \\"max_height\\", \\"txs_count\\", \\"weighted_average_price\\", \\"open\\", \\"close\\", \\"interval_in_secs\\", \\"matcher\\" from \\"candles\\" where \\"amount_asset_id\\" = '111' and \\"price_asset_id\\" = '222' and \\"time_start\\" >= '2017-04-03 03:00:00.000' and \\"time_start\\" <= '2017-04-04 02:59:59.999' and \\"matcher\\" = '123' and \\"interval_in_secs\\" = 3600 union (select \\"time_start\\", \\"amount_asset_id\\", \\"price_asset_id\\", \\"low\\", \\"high\\", \\"volume\\", \\"quote_volume\\", \\"max_height\\", \\"txs_count\\", \\"weighted_average_price\\", \\"open\\", \\"close\\", \\"interval_in_secs\\", \\"matcher\\" from \\"candles\\" where \\"amount_asset_id\\" = '111' and \\"price_asset_id\\" = '222' and \\"time_start\\" >= '2017-04-04 02:00:00.000' and \\"time_start\\" <= '2017-04-04 02:30:00.000' and \\"matcher\\" = '123' and \\"interval_in_secs\\" = 1800 limit 1) union (select \\"time_start\\", \\"amount_asset_id\\", \\"price_asset_id\\", \\"low\\", \\"high\\", \\"volume\\", \\"quote_volume\\", \\"max_height\\", \\"txs_count\\", \\"weighted_average_price\\", \\"open\\", \\"close\\", \\"interval_in_secs\\", \\"matcher\\" from \\"candles\\" where \\"amount_asset_id\\" = '111' and \\"price_asset_id\\" = '222' and \\"time_start\\" >= '2017-04-04 02:30:00.000' and \\"time_start\\" <= '2017-04-04 02:45:00.000' and \\"matcher\\" = '123' and \\"interval_in_secs\\" = 900 limit 1) union (select \\"time_start\\", \\"amount_asset_id\\", \\"price_asset_id\\", \\"low\\", \\"high\\", \\"volume\\", \\"quote_volume\\", \\"max_height\\", \\"txs_count\\", \\"weighted_average_price\\", \\"open\\", \\"close\\", \\"interval_in_secs\\", \\"matcher\\" from \\"candles\\" where \\"amount_asset_id\\" = '111' and \\"price_asset_id\\" = '222' and \\"time_start\\" >= '2017-04-04 02:45:00.000' and \\"time_start\\" <= '2017-04-04 02:50:00.000' and \\"matcher\\" = '123' and \\"interval_in_secs\\" = 300 limit 1) union (select \\"time_start\\", \\"amount_asset_id\\", \\"price_asset_id\\", \\"low\\", \\"high\\", \\"volume\\", \\"quote_volume\\", \\"max_height\\", \\"txs_count\\", \\"weighted_average_price\\", \\"open\\", \\"close\\", \\"interval_in_secs\\", \\"matcher\\" from \\"candles\\" where \\"amount_asset_id\\" = '111' and \\"price_asset_id\\" = '222' and \\"time_start\\" >= '2017-04-04 02:50:00.000' and \\"time_start\\" <= '2017-04-04 02:55:00.000' and \\"matcher\\" = '123' and \\"interval_in_secs\\" = 300 limit 1) union (select \\"time_start\\", \\"amount_asset_id\\", \\"price_asset_id\\", \\"low\\", \\"high\\", \\"volume\\", \\"quote_volume\\", \\"max_height\\", \\"txs_count\\", \\"weighted_average_price\\", \\"open\\", \\"close\\", \\"interval_in_secs\\", \\"matcher\\" from \\"candles\\" where \\"amount_asset_id\\" = '111' and \\"price_asset_id\\" = '222' and \\"time_start\\" >= '2017-04-04 02:55:00.000' and \\"time_start\\" <= '2017-04-04 02:56:00.000' and \\"matcher\\" = '123' and \\"interval_in_secs\\" = 60 limit 1) union (select \\"time_start\\", \\"amount_asset_id\\", \\"price_asset_id\\", \\"low\\", \\"high\\", \\"volume\\", \\"quote_volume\\", \\"max_height\\", \\"txs_count\\", \\"weighted_average_price\\", \\"open\\", \\"close\\", \\"interval_in_secs\\", \\"matcher\\" from \\"candles\\" where \\"amount_asset_id\\" = '111' and \\"price_asset_id\\" = '222' and \\"time_start\\" >= '2017-04-04 02:56:00.000' and \\"time_start\\" <= '2017-04-04 02:57:00.000' and \\"matcher\\" = '123' and \\"interval_in_secs\\" = 60 limit 1) union (select \\"time_start\\", \\"amount_asset_id\\", \\"price_asset_id\\", \\"low\\", \\"high\\", \\"volume\\", \\"quote_volume\\", \\"max_height\\", \\"txs_count\\", \\"weighted_average_price\\", \\"open\\", \\"close\\", \\"interval_in_secs\\", \\"matcher\\" from \\"candles\\" where \\"amount_asset_id\\" = '111' and \\"price_asset_id\\" = '222' and \\"time_start\\" >= '2017-04-04 02:57:00.000' and \\"time_start\\" <= '2017-04-04 02:58:00.000' and \\"matcher\\" = '123' and \\"interval_in_secs\\" = 60 limit 1) union (select \\"time_start\\", \\"amount_asset_id\\", \\"price_asset_id\\", \\"low\\", \\"high\\", \\"volume\\", \\"quote_volume\\", \\"max_height\\", \\"txs_count\\", \\"weighted_average_price\\", \\"open\\", \\"close\\", \\"interval_in_secs\\", \\"matcher\\" from \\"candles\\" where \\"amount_asset_id\\" = '111' and \\"price_asset_id\\" = '222' and \\"time_start\\" >= '2017-04-04 02:58:00.000' and \\"time_start\\" <= '2017-04-04 02:59:00.000' and \\"matcher\\" = '123' and \\"interval_in_secs\\" = 60 limit 1)) as \\"c\\" inner join \\"asset_decimals\\" as \\"a_dec\\" on \\"c\\".\\"amount_asset_id\\" = \\"a_dec\\".\\"asset_id\\" inner join \\"asset_decimals\\" as \\"p_dec\\" on \\"c\\".\\"price_asset_id\\" = \\"p_dec\\".\\"asset_id\\" order by \\"c\\".\\"time_start\\" asc"`;

exports[`sql query from candles should search candles for 1m 1`] = `"select \\"time_start\\", \\"amount_asset_id\\", \\"price_asset_id\\", \\"low\\", \\"high\\", \\"volume\\", \\"quote_volume\\", \\"max_height\\", \\"txs_count\\", \\"weighted_average_price\\", \\"open\\", \\"close\\", \\"interval_in_secs\\", \\"matcher\\", \\"a_dec\\".\\"decimals\\" as \\"a_dec\\", \\"p_dec\\".\\"decimals\\" as \\"p_dec\\" from (select \\"time_start\\", \\"amount_asset_id\\", \\"price_asset_id\\", \\"low\\", \\"high\\", \\"volume\\", \\"quote_volume\\", \\"max_height\\", \\"txs_count\\", \\"weighted_average_price\\", \\"open\\", \\"close\\", \\"interval_in_secs\\", \\"matcher\\" from \\"candles\\" where \\"amount_asset_id\\" = '111' and \\"price_asset_id\\" = '222' and \\"time_start\\" >= '2017-04-03 03:00:00.000' and \\"time_start\\" <= '2017-04-04 02:59:59.999' and \\"matcher\\" = '123' and \\"interval_in_secs\\" = 60) as \\"c\\" inner join \\"asset_decimals\\" as \\"a_dec\\" on \\"c\\".\\"amount_asset_id\\" = \\"a_dec\\".\\"asset_id\\" inner join \\"asset_decimals\\" as \\"p_dec\\" on \\"c\\".\\"price_asset_id\\" = \\"p_dec\\".\\"asset_id\\" order by \\"c\\".\\"time_start\\" asc"`;
